theia@theiadocker-anupamalal07:/home/project$  docker --version
Docker version 20.10.7, build 20.10.7-0ubuntu5~18.04.3
theia@theiadocker-anupamalal07:/home/project$ ibmcloud version
ibmcloud version 2.11.1+c18277d-2022-09-23T21:49:24+00:00
theia@theiadocker-anupamalal07:/home/project$ pwd
/home/project
theia@theiadocker-anupamalal07:/home/project$ theia@theiadocker-anupamalal07:/home/project$  docker --version
Docker version 20.10.7, build 20.10.7-0ubuntu5~18.04.3
theia@theiadocker-anupamalal07:/home/project$ ibmcloud version
ibmcloud version 2.11.1+c18277d-2022-09-23T21:49:24+00:00
theia@theiadocker-anupamalal07:/home/project$ pwd
/home/project
theia@theiadocker-anupamalal07:/home/project$ theia@theiadocker-anupamalal07:/home/project$  docker --version
Docker version 20.10.7, build 20.10.7-0ubuntu5~18.04.3
theia@theiadocker-anupamalal07:/home/project$ ibmcloud version
ibmcloud version 2.11.1+c18277d-2022-09-23T21:49:24+00:00
theia@theiadocker-anupamalal07:/home/project$ pwd
/home/project
theia@theiadocker-anupamalal07:/home/project$ [ -d 'CC201' ]
theia@theiadocker-anupamalal07:/home/project$ echo $?
1
theia@theiadocker-anupamalal07:/home/project$ git clone https://github.com/ibm-developer-skills-network/CC201.git
Cloning into 'CC201'...
remote: Enumerating objects: 30, done.
remote: Counting objects: 100% (30/30), done.
remote: Compressing objects: 100% (23/23), done.
remote: Total 30 (delta 14), reused 14 (delta 6), pack-reused 0
Unpacking objects: 100% (30/30), done.
theia@theiadocker-anupamalal07:/home/project$ ls
CC201
theia@theiadocker-anupamalal07:/home/project$ [ -d 'CC201' ]
theia@theiadocker-anupamalal07:/home/project$ echo $?
0
theia@theiadocker-anupamalal07:/home/project$ theia@theiadocker-anupamalal07:/home/project$  docker --version
Docker version 20.10.7, build 20.10.7-0ubuntu5~18.04.3
theia@theiadocker-anupamalal07:/home/project$ ibmcloud version
ibmcloud version 2.11.1+c18277d-2022-09-23T21:49:24+00:00
theia@theiadocker-anupamalal07:/home/project$ pwd
/home/project
theia@theiadocker-anupamalal07:/home/project$ [ -d 'CC201' ]
theia@theiadocker-anupamalal07:/home/project$ echo $?
1
theia@theiadocker-anupamalal07:/home/project$ git clone https://github.com/ibm-developer-skills-network/CC201.git
Cloning into 'CC201'...
remote: Enumerating objects: 30, done.
remote: Counting objects: 100% (30/30), done.
remote: Compressing objects: 100% (23/23), done.
remote: Total 30 (delta 14), reused 14 (delta 6), pack-reused 0
Unpacking objects: 100% (30/30), done.
theia@theiadocker-anupamalal07:/home/project$ ls
CC201
theia@theiadocker-anupamalal07:/home/project$ [ -d 'CC201' ]
theia@theiadocker-anupamalal07:/home/project$ echo $?
0
theia@theiadocker-anupamalal07:/home/project$ cd CC201/
.git/       .gitignore  labs/       LICENSE     README.md   
theia@theiadocker-anupamalal07:/home/project$ cd CC201/labs/
1_ContainersAndDocker/ 2_IntroKubernetes/     3_K8sScaleAndUpdate/   
theia@theiadocker-anupamalal07:/home/project$ cd CC201/labs/1_ContainersAndDocker/
theia@theiadocker-anupamalal07:/home/project/CC201/labs/1_ContainersAndDocker$ ls
app.js  Dockerfile  package.json
theia@theiadocker-anupamalal07:/home/project/CC201/labs/1_ContainersAndDocker$ 
theia@theiadocker-anupamalal07:/home/project/CC201/labs/1_ContainersAndDocker$ docker images
REPOSITORY   TAG       IMAGE ID   CREATED   SIZE
theia@theiadocker-anupamalal07:/home/project/CC201/labs/1_ContainersAndDocker$ ls
app.js  Dockerfile  package.json
theia@theiadocker-anupamalal07:/home/project/CC201/labs/1_ContainersAndDocker$ vi Dockerfile 
bash: vi: command not found
theia@theiadocker-anupamalal07:/home/project/CC201/labs/1_ContainersAndDocker$ emacs Dockerfile 
bash: emacs: command not found
theia@theiadocker-anupamalal07:/home/project/CC201/labs/1_ContainersAndDocker$ cat Dockerfile 
FROM node:9.4.0-alpine
COPY app.js .
COPY package.json .
RUN npm install &&\
    apk update &&\
    apk upgrade
EXPOSE  8080
CMD node app.js
theia@theiadocker-anupamalal07:/home/project/CC201/labs/1_ContainersAndDocker$ docker pull hello-world
Using default tag: latest
latest: Pulling from library/hello-world
2db29710123e: Pull complete 
Digest: sha256:e18f0a777aefabe047a671ab3ec3eed05414477c951ab1a6f352a06974245fe7
Status: Downloaded newer image for hello-world:latest
docker.io/library/hello-world:latest
theia@theiadocker-anupamalal07:/home/project/CC201/labs/1_ContainersAndDocker$ docker images
REPOSITORY    TAG       IMAGE ID       CREATED         SIZE
hello-world   latest    feb5d9fea6a5   13 months ago   13.3kB
theia@theiadocker-anupamalal07:/home/project/CC201/labs/1_ContainersAndDocker$ docker run hello-world

Hello from Docker!
This message shows that your installation appears to be working correctly.

To generate this message, Docker took the following steps:
 1. The Docker client contacted the Docker daemon.
 2. The Docker daemon pulled the "hello-world" image from the Docker Hub.
    (amd64)
 3. The Docker daemon created a new container from that image which runs the
    executable that produces the output you are currently reading.
 4. The Docker daemon streamed that output to the Docker client, which sent it
    to your terminal.

To try something more ambitious, you can run an Ubuntu container with:
 $ docker run -it ubuntu bash

Share images, automate workflows, and more with a free Docker ID:
 https://hub.docker.com/

For more examples and ideas, visit:
 https://docs.docker.com/get-started/

theia@theiadocker-anupamalal07:/home/project/CC201/labs/1_ContainersAndDocker$ docker ps -a
CONTAINER ID   IMAGE         COMMAND    CREATED              STATUS                          PORTS     NAMES
9685e24406c0   hello-world   "/hello"   About a minute ago   Exited (0) About a minute ago             romantic_meitner
theia@theiadocker-anupamalal07:/home/project/CC201/labs/1_ContainersAndDocker$ docker container rm 9685e24406c0
9685e24406c0
theia@theiadocker-anupamalal07:/home/project/CC201/labs/1_ContainersAndDocker$ docker ps -a
CONTAINER ID   IMAGE     COMMAND   CREATED   STATUS    PORTS     NAMES
theia@theiadocker-anupamalal07:/home/project/CC201/labs/1_ContainersAndDocker$ 
